// Jest Snapshot v1, https://goo.gl/fbAQLP

exports[`Card Should match the snapshot 1`] = `
ShallowWrapper {
  "length": 1,
  Symbol(enzyme.__root__): [Circular],
  Symbol(enzyme.__unrendered__): <Card
    card={
        Object {
            "class": "people",
            "data": Object {
              "homeWorldName": "homeworld: Tatooine",
              "population": "Population: 200000",
              "species": "species: Human",
            },
            "name": "Luke Skywalker",
          }
    }
    className="people"
    toggleFavorites={[Function]}
/>,
  Symbol(enzyme.__renderer__): Object {
    "batchedUpdates": [Function],
    "getNode": [Function],
    "render": [Function],
    "simulateEvent": [Function],
    "unmount": [Function],
  },
  Symbol(enzyme.__node__): Object {
    "instance": null,
    "key": undefined,
    "nodeType": "host",
    "props": Object {
      "children": <article
        className="people"
>
        <h2>
                Luke Skywalker
        </h2>
        <Button
                card={
                        Object {
                                "class": "people",
                                "data": Object {
                                  "homeWorldName": "homeworld: Tatooine",
                                  "population": "Population: 200000",
                                  "species": "species: Human",
                                },
                                "name": "Luke Skywalker",
                              }
                }
                className="favs-card"
                controlFunc={[Function]}
                name="❤︎"
        />
        <h3
                className="detail"
        >
                species: Human
        </h3>
        <h3
                className="detail"
        >
                homeworld: Tatooine
        </h3>
        <h3
                className="detail"
        >
                Population: 200000
        </h3>
</article>,
      "className": "card",
    },
    "ref": null,
    "rendered": Object {
      "instance": null,
      "key": undefined,
      "nodeType": "host",
      "props": Object {
        "children": Array [
          <h2>
            Luke Skywalker
</h2>,
          <Button
            card={
                        Object {
                                    "class": "people",
                                    "data": Object {
                                      "homeWorldName": "homeworld: Tatooine",
                                      "population": "Population: 200000",
                                      "species": "species: Human",
                                    },
                                    "name": "Luke Skywalker",
                                  }
            }
            className="favs-card"
            controlFunc={[Function]}
            name="❤︎"
/>,
          Array [
            <h3
              className="detail"
>
              species: Human
</h3>,
            <h3
              className="detail"
>
              homeworld: Tatooine
</h3>,
            <h3
              className="detail"
>
              Population: 200000
</h3>,
          ],
        ],
        "className": "people",
      },
      "ref": null,
      "rendered": Array [
        Object {
          "instance": null,
          "key": undefined,
          "nodeType": "host",
          "props": Object {
            "children": "Luke Skywalker",
          },
          "ref": null,
          "rendered": "Luke Skywalker",
          "type": "h2",
        },
        Object {
          "instance": null,
          "key": undefined,
          "nodeType": "function",
          "props": Object {
            "card": Object {
              "class": "people",
              "data": Object {
                "homeWorldName": "homeworld: Tatooine",
                "population": "Population: 200000",
                "species": "species: Human",
              },
              "name": "Luke Skywalker",
            },
            "className": "favs-card",
            "controlFunc": [Function],
            "name": "❤︎",
          },
          "ref": null,
          "rendered": null,
          "type": [Function],
        },
        Object {
          "instance": null,
          "key": "0",
          "nodeType": "host",
          "props": Object {
            "children": "species: Human",
            "className": "detail",
          },
          "ref": null,
          "rendered": "species: Human",
          "type": "h3",
        },
        Object {
          "instance": null,
          "key": "1",
          "nodeType": "host",
          "props": Object {
            "children": "homeworld: Tatooine",
            "className": "detail",
          },
          "ref": null,
          "rendered": "homeworld: Tatooine",
          "type": "h3",
        },
        Object {
          "instance": null,
          "key": "2",
          "nodeType": "host",
          "props": Object {
            "children": "Population: 200000",
            "className": "detail",
          },
          "ref": null,
          "rendered": "Population: 200000",
          "type": "h3",
        },
      ],
      "type": "article",
    },
    "type": "div",
  },
  Symbol(enzyme.__nodes__): Array [
    Object {
      "instance": null,
      "key": undefined,
      "nodeType": "host",
      "props": Object {
        "children": <article
          className="people"
>
          <h2>
                    Luke Skywalker
          </h2>
          <Button
                    card={
                              Object {
                                        "class": "people",
                                        "data": Object {
                                          "homeWorldName": "homeworld: Tatooine",
                                          "population": "Population: 200000",
                                          "species": "species: Human",
                                        },
                                        "name": "Luke Skywalker",
                                      }
                    }
                    className="favs-card"
                    controlFunc={[Function]}
                    name="❤︎"
          />
          <h3
                    className="detail"
          >
                    species: Human
          </h3>
          <h3
                    className="detail"
          >
                    homeworld: Tatooine
          </h3>
          <h3
                    className="detail"
          >
                    Population: 200000
          </h3>
</article>,
        "className": "card",
      },
      "ref": null,
      "rendered": Object {
        "instance": null,
        "key": undefined,
        "nodeType": "host",
        "props": Object {
          "children": Array [
            <h2>
              Luke Skywalker
</h2>,
            <Button
              card={
                            Object {
                                          "class": "people",
                                          "data": Object {
                                            "homeWorldName": "homeworld: Tatooine",
                                            "population": "Population: 200000",
                                            "species": "species: Human",
                                          },
                                          "name": "Luke Skywalker",
                                        }
              }
              className="favs-card"
              controlFunc={[Function]}
              name="❤︎"
/>,
            Array [
              <h3
                className="detail"
>
                species: Human
</h3>,
              <h3
                className="detail"
>
                homeworld: Tatooine
</h3>,
              <h3
                className="detail"
>
                Population: 200000
</h3>,
            ],
          ],
          "className": "people",
        },
        "ref": null,
        "rendered": Array [
          Object {
            "instance": null,
            "key": undefined,
            "nodeType": "host",
            "props": Object {
              "children": "Luke Skywalker",
            },
            "ref": null,
            "rendered": "Luke Skywalker",
            "type": "h2",
          },
          Object {
            "instance": null,
            "key": undefined,
            "nodeType": "function",
            "props": Object {
              "card": Object {
                "class": "people",
                "data": Object {
                  "homeWorldName": "homeworld: Tatooine",
                  "population": "Population: 200000",
                  "species": "species: Human",
                },
                "name": "Luke Skywalker",
              },
              "className": "favs-card",
              "controlFunc": [Function],
              "name": "❤︎",
            },
            "ref": null,
            "rendered": null,
            "type": [Function],
          },
          Object {
            "instance": null,
            "key": "0",
            "nodeType": "host",
            "props": Object {
              "children": "species: Human",
              "className": "detail",
            },
            "ref": null,
            "rendered": "species: Human",
            "type": "h3",
          },
          Object {
            "instance": null,
            "key": "1",
            "nodeType": "host",
            "props": Object {
              "children": "homeworld: Tatooine",
              "className": "detail",
            },
            "ref": null,
            "rendered": "homeworld: Tatooine",
            "type": "h3",
          },
          Object {
            "instance": null,
            "key": "2",
            "nodeType": "host",
            "props": Object {
              "children": "Population: 200000",
              "className": "detail",
            },
            "ref": null,
            "rendered": "Population: 200000",
            "type": "h3",
          },
        ],
        "type": "article",
      },
      "type": "div",
    },
  ],
  Symbol(enzyme.__options__): Object {
    "adapter": ReactSixteenAdapter {
      "options": Object {
        "enableComponentDidUpdateOnSetState": true,
      },
    },
  },
}
`;
