// Jest Snapshot v1, https://goo.gl/fbAQLP

exports[`Button Should match the snapShot 1`] = `
ShallowWrapper {
  "length": 1,
  Symbol(enzyme.__root__): [Circular],
  Symbol(enzyme.__unrendered__): <Button
    card={Object {}}
    controlFunc={[Function]}
    isActive=""
    name="People"
/>,
  Symbol(enzyme.__renderer__): Object {
    "batchedUpdates": [Function],
    "getNode": [Function],
    "render": [Function],
    "simulateEvent": [Function],
    "unmount": [Function],
  },
  Symbol(enzyme.__node__): Object {
    "instance": null,
    "key": undefined,
    "nodeType": "host",
    "props": Object {
      "children": <button
        className={undefined}
        id=""
        onClick={[Function]}
>
        People
</button>,
    },
    "ref": null,
    "rendered": Object {
      "instance": null,
      "key": undefined,
      "nodeType": "host",
      "props": Object {
        "children": "People",
        "className": undefined,
        "id": "",
        "onClick": [Function],
      },
      "ref": null,
      "rendered": "People",
      "type": "button",
    },
    "type": "div",
  },
  Symbol(enzyme.__nodes__): Array [
    Object {
      "instance": null,
      "key": undefined,
      "nodeType": "host",
      "props": Object {
        "children": <button
          className={undefined}
          id=""
          onClick={[Function]}
>
          People
</button>,
      },
      "ref": null,
      "rendered": Object {
        "instance": null,
        "key": undefined,
        "nodeType": "host",
        "props": Object {
          "children": "People",
          "className": undefined,
          "id": "",
          "onClick": [Function],
        },
        "ref": null,
        "rendered": "People",
        "type": "button",
      },
      "type": "div",
    },
  ],
  Symbol(enzyme.__options__): Object {
    "adapter": ReactSixteenAdapter {
      "options": Object {
        "enableComponentDidUpdateOnSetState": true,
      },
    },
  },
}
`;
