// Jest Snapshot v1, https://goo.gl/fbAQLP

exports[`ScrollText Should match the snapshot 1`] = `
ShallowWrapper {
  "length": 1,
  Symbol(enzyme.__root__): [Circular],
  Symbol(enzyme.__unrendered__): <ScrollText
    film={
        Object {
            "opening": "It is a dark time for...",
            "title": "Attack of the clones",
            "year": "2002",
          }
    }
/>,
  Symbol(enzyme.__renderer__): Object {
    "batchedUpdates": [Function],
    "getNode": [Function],
    "render": [Function],
    "simulateEvent": [Function],
    "unmount": [Function],
  },
  Symbol(enzyme.__node__): Object {
    "instance": null,
    "key": undefined,
    "nodeType": "host",
    "props": Object {
      "children": Array [
        <div
          className="fade"
>
           
</div>,
        <div
          className="main-container__text"
>
          <div
                    className="moving-text-box"
          >
                    <header
                              className="title"
                    >
                              <p>
                                        Attack of the clones
                              </p>
                              <h1 />
                    </header>
                    <p
                              className="opening-text"
                    >
                              It is a dark time for...
                    </p>
          </div>
</div>,
      ],
      "className": "ScrollText",
    },
    "ref": null,
    "rendered": Array [
      Object {
        "instance": null,
        "key": undefined,
        "nodeType": "host",
        "props": Object {
          "children": " ",
          "className": "fade",
        },
        "ref": null,
        "rendered": " ",
        "type": "div",
      },
      Object {
        "instance": null,
        "key": undefined,
        "nodeType": "host",
        "props": Object {
          "children": <div
            className="moving-text-box"
>
            <header
                        className="title"
            >
                        <p>
                                    Attack of the clones
                        </p>
                        <h1 />
            </header>
            <p
                        className="opening-text"
            >
                        It is a dark time for...
            </p>
</div>,
          "className": "main-container__text",
        },
        "ref": null,
        "rendered": Object {
          "instance": null,
          "key": undefined,
          "nodeType": "host",
          "props": Object {
            "children": Array [
              <header
                className="title"
>
                <p>
                                Attack of the clones
                </p>
                <h1 />
</header>,
              <p
                className="opening-text"
>
                It is a dark time for...
</p>,
            ],
            "className": "moving-text-box",
          },
          "ref": null,
          "rendered": Array [
            Object {
              "instance": null,
              "key": undefined,
              "nodeType": "host",
              "props": Object {
                "children": Array [
                  <p>
                    Attack of the clones
</p>,
                  <h1 />,
                ],
                "className": "title",
              },
              "ref": null,
              "rendered": Array [
                Object {
                  "instance": null,
                  "key": undefined,
                  "nodeType": "host",
                  "props": Object {
                    "children": "Attack of the clones",
                  },
                  "ref": null,
                  "rendered": "Attack of the clones",
                  "type": "p",
                },
                Object {
                  "instance": null,
                  "key": undefined,
                  "nodeType": "host",
                  "props": Object {
                    "children": undefined,
                  },
                  "ref": null,
                  "rendered": null,
                  "type": "h1",
                },
              ],
              "type": "header",
            },
            Object {
              "instance": null,
              "key": undefined,
              "nodeType": "host",
              "props": Object {
                "children": "It is a dark time for...",
                "className": "opening-text",
              },
              "ref": null,
              "rendered": "It is a dark time for...",
              "type": "p",
            },
          ],
          "type": "div",
        },
        "type": "div",
      },
    ],
    "type": "section",
  },
  Symbol(enzyme.__nodes__): Array [
    Object {
      "instance": null,
      "key": undefined,
      "nodeType": "host",
      "props": Object {
        "children": Array [
          <div
            className="fade"
>
             
</div>,
          <div
            className="main-container__text"
>
            <div
                        className="moving-text-box"
            >
                        <header
                                    className="title"
                        >
                                    <p>
                                                Attack of the clones
                                    </p>
                                    <h1 />
                        </header>
                        <p
                                    className="opening-text"
                        >
                                    It is a dark time for...
                        </p>
            </div>
</div>,
        ],
        "className": "ScrollText",
      },
      "ref": null,
      "rendered": Array [
        Object {
          "instance": null,
          "key": undefined,
          "nodeType": "host",
          "props": Object {
            "children": " ",
            "className": "fade",
          },
          "ref": null,
          "rendered": " ",
          "type": "div",
        },
        Object {
          "instance": null,
          "key": undefined,
          "nodeType": "host",
          "props": Object {
            "children": <div
              className="moving-text-box"
>
              <header
                            className="title"
              >
                            <p>
                                          Attack of the clones
                            </p>
                            <h1 />
              </header>
              <p
                            className="opening-text"
              >
                            It is a dark time for...
              </p>
</div>,
            "className": "main-container__text",
          },
          "ref": null,
          "rendered": Object {
            "instance": null,
            "key": undefined,
            "nodeType": "host",
            "props": Object {
              "children": Array [
                <header
                  className="title"
>
                  <p>
                                    Attack of the clones
                  </p>
                  <h1 />
</header>,
                <p
                  className="opening-text"
>
                  It is a dark time for...
</p>,
              ],
              "className": "moving-text-box",
            },
            "ref": null,
            "rendered": Array [
              Object {
                "instance": null,
                "key": undefined,
                "nodeType": "host",
                "props": Object {
                  "children": Array [
                    <p>
                      Attack of the clones
</p>,
                    <h1 />,
                  ],
                  "className": "title",
                },
                "ref": null,
                "rendered": Array [
                  Object {
                    "instance": null,
                    "key": undefined,
                    "nodeType": "host",
                    "props": Object {
                      "children": "Attack of the clones",
                    },
                    "ref": null,
                    "rendered": "Attack of the clones",
                    "type": "p",
                  },
                  Object {
                    "instance": null,
                    "key": undefined,
                    "nodeType": "host",
                    "props": Object {
                      "children": undefined,
                    },
                    "ref": null,
                    "rendered": null,
                    "type": "h1",
                  },
                ],
                "type": "header",
              },
              Object {
                "instance": null,
                "key": undefined,
                "nodeType": "host",
                "props": Object {
                  "children": "It is a dark time for...",
                  "className": "opening-text",
                },
                "ref": null,
                "rendered": "It is a dark time for...",
                "type": "p",
              },
            ],
            "type": "div",
          },
          "type": "div",
        },
      ],
      "type": "section",
    },
  ],
  Symbol(enzyme.__options__): Object {
    "adapter": ReactSixteenAdapter {
      "options": Object {
        "enableComponentDidUpdateOnSetState": true,
      },
    },
  },
}
`;
